Microchip MPLAB XC8 Compiler V2.41

Linker command line:

\
  --edf=C:/Users/akihi/.mchp_packs/Microchip/PIC18F-Q_DFP/1.21.411/xc8\pic\dat\20230817203607_en.msgs \
  -pivt0x8=08h -cn -h+dist/default/production\z8s57q.X.production.sym \
  --cmf=dist/default/production\z8s57q.X.production.cmf -z -Q18F57Q43 \
  -oC:\Users\akihi\AppData\Local\Temp\xcAsdu0.\driver_tmp_3.o \
  --defsym=__MPLAB_BUILD=1 --fixupoverflow=error \
  -Mdist/default/production/z8s57q.X.production.map \
  --md=C:\Users\akihi\AppData\Local\Temp\xcAsdu0.\driver_tmp_0.dat -E1 \
  -ver=XC8 Compiler --acfsm=1493 -ACODE=00h-01FFFFh -ACONST=00h-01FFFFh \
  -ASMALLCONST=02600h-026FFhx474 \
  -AMEDIUMCONST=02600h-0FFFFh,012600h-01FFFFh -ACOMRAM=0501h-055Fh \
  -AABS1=0500h-024FFh -ABIGRAM=0501h-024FFh \
  -ARAM=0560h-05FFh,0600h-06FFhx31 -ABANK5=0560h-05FFh -ABANK6=0600h-06FFh \
  -ABANK7=0700h-07FFh -ABANK8=0800h-08FFh -ABANK9=0900h-09FFh \
  -ABANK10=0A00h-0AFFh -ABANK11=0B00h-0BFFh -ABANK12=0C00h-0CFFh \
  -ABANK13=0D00h-0DFFh -ABANK14=0E00h-0EFFh -ABANK15=0F00h-0FFFh \
  -ABANK16=01000h-010FFh -ABANK17=01100h-011FFh -ABANK18=01200h-012FFh \
  -ABANK19=01300h-013FFh -ABANK20=01400h-014FFh -ABANK21=01500h-015FFh \
  -ABANK22=01600h-016FFh -ABANK23=01700h-017FFh -ABANK24=01800h-018FFh \
  -ABANK25=01900h-019FFh -ABANK26=01A00h-01AFFh -ABANK27=01B00h-01BFFh \
  -ABANK28=01C00h-01CFFh -ABANK29=01D00h-01DFFh -ABANK30=01E00h-01EFFh \
  -ABANK31=01F00h-01FFFh -ABANK32=02000h-020FFh -ABANK33=02100h-021FFh \
  -ABANK34=02200h-022FFh -ABANK35=02300h-023FFh -ABANK36=02400h-024FFh \
  -ASFR=00h-0FFhx4,0400h-045Fh,0460h-04FFh,02500h-025FFh \
  -ABIGSFR=00h-04FFh,02500h-025FFh -ACONFIG=0300000h-0300011h \
  -AIDLOC=0200000h-020003Fh -AEEDATA=0380000h-03803FFh -peeprom_data=EEDATA \
  -preset_vec=00h -ppowerup=CODE,init -pramtop=02600h \
  -psmallconst=SMALLCONST -pmediumconst=MEDIUMCONST -pconst=CONST \
  -AFARRAM=00h-00h \
  -prdata=COMRAM,nvrram=COMRAM,nvbit=COMRAM,rbss=COMRAM,rbit=COMRAM \
  -pfarbss=FARRAM,fardata=FARRAM,nvFARRAM=FARRAM \
  -pintsave_regs=BIGRAM,bigbss=BIGRAM,bigdata=BIGRAM -pbss=RAM \
  -pidata=CODE,irdata=CODE,ibigdata=CODE,ifardata=CODE -prparam=COMRAM \
  C:\Users\akihi\AppData\Local\Temp\xcAsdu0.\driver_tmp_14.o \
  dist/default/production\z8s57q.X.production.o 

Object code version is 3.11

Machine type is 18F57Q43



                Name                               Link     Load   Length Selector   Space Scale
C:\Users\akihi\AppData\Local\Temp\xcAsdu0.\driver_tmp_14.o
                config                           300000   300000        A        0       4
                init                                102      102        4        4       0
                reset_vec                             0        0        4        0       0
dist/default/production\z8s57q.X.production.o
                config                           300000   300000        A        0       4
                mediumconst                        DF6C     DF6C     2094     6FB6       0
                ivt0x8                                8        8       FA        4       0
                text224                            2072     2072       64        4       0
                text223                            1E7C     1E7C       66        4       0
                text222                            200E     200E       64        4       0
                text221                            2398     2398       52      8E6       0
                text220                            1CDC     1CDC       6A        4       0
                text219                            11D2     11D2       94        4       0
                text218                            224C     224C       54        4       0
                text217                            270C     270C       42     12B7       0
                text216                            2194     2194       5E        4       0
                text215                            2D1E     2D1E       18     12B7       0
                text214                            2BF0     2BF0       22     12B7       0
                text213                            2AA0     2AA0       2A     12B7       0
                text212                            15A0     15A0       84        4       0
                text211                            2BCE     2BCE       22     12B7       0
                text210                           19244    19244      328     8000       0
                text209                            2BAC     2BAC       22     12B7       0
                text208                            25FA     25FA       46     12B7       0
                text207                             D46      D46       B6        4       0
                text206                             A4C      A4C       C4        4       0
                text205                            29E8     29E8       32     12B7       0
                text204                            2CBC     2CBC       1A     12B7       0
                text203                             982      982       CA        4       0
                text202                             578      578       D6        4       0
                text201                           1F502    1F502      10C     8000       0
                text200                           1FEE8    1FEE8       EC     8000       0
                text199                            274E     274E       40     12B7       0
                text198                            26C8     26C8       44     12B7       0
                text197                            248A     248A       50      8E6       0
                text196                             B10      B10       C2        4       0
                text195                           1B04C    1B04C      234     8000       0
                text194                           1D394    1D394      19C     8000       0
                text193                            2B40     2B40       26     12B7       0
                text192                             71C      71C       CE        4       0
                text191                           1D530    1D530      19A     8000       0
                text190                           1F070    1F070      12C     8000       0
                text189                             FFE      FFE       A4        4       0
                text188                            1494     1494       88        4       0
                text187                           1EB46    1EB46      15E     8000       0
                text186                            28E6     28E6       38     12B7       0
                text185                            2A74     2A74       2C     12B7       0
                text184                            2A48     2A48       2C     12B7       0
                text183                            28AE     28AE       38     12B7       0
                text182                           19DAA    19DAA      27A     8000       0
                text181                           10FAA    10FAA      C68     8000       0
                text180                            1DAE     1DAE       68        4       0
                text179                            2AF2     2AF2       28     12B7       0
                text178                           1E2BA    1E2BA      174     8000       0
                text177                           18EBE    18EBE      386     8000       0
                text176                           1E9E2    1E9E2      164     8000       0
                text175                           19858    19858      2C2     8000       0
                text174                            1926     1926       7E        4       0
                text173                             C8E      C8E       B8        4       0
                text172                            2876     2876       38     12B7       0
                text171                             64E      64E       CE        4       0
                text170                           1E59E    1E59E      170     8000       0
                text169                           17F42    17F42      432     8000       0
                text168                           1E42E    1E42E      170     8000       0
                text167                           1CEB6    1CEB6      1A2     8000       0
                text166                             8B6      8B6       CC        4       0
                text165                           1956C    1956C      2EC     8000       0
                text164                           1B8C0    1B8C0      20C     8000       0
                text163                           1D1F6    1D1F6      19E     8000       0
                text162                           11C12    11C12      AD4     8000       0
                text161                           1FC0C    1FC0C       FA     8000       0
                text160                            2344     2344       52        4       0
                text159                            2E2C     2E2C        A     12B7       0
                text158                            2DC0     2DC0       12     12B7       0
                text157                            2ACA     2ACA       28     12B7       0
                text156                            24DA     24DA       4C      8E6       0
                text155                             DFC      DFC       B4        4       0
                text154                           1E144    1E144      176     8000       0
                text153                            1C70     1C70       6C        4       0
                text152                           1B6B2    1B6B2      20E     8000       0
                text151                           1F60E    1F60E      104     8000       0
                text150                           1B49C    1B49C      216     8000       0
                text149                             7EA      7EA       CC        4       0
                text148                           17AE4    17AE4      45E     8000       0
                text147                           153CE    153CE      5CA     8000       0
                text146                           15998    15998      5B2     8000       0
                text145                            243A     243A       50      8E6       0
                text144                           126E6    126E6      890     8000       0
                text143                            2E52     2E52        6     12B7       0
                text142                            113E     113E       94        4       0
                text141                            27CC     27CC       3A     12B7       0
                text140                            2E66     2E66        2     12B7       0
                text139                            2A1A     2A1A       2E     12B7       0
                text138                            2E3E     2E3E        8     12B7       0
                text137                            12F4     12F4       8C        4       0
                text136                            1828     1828       80        4       0
                text135                            25B4     25B4       46     12B7       0
                text134                            16A6     16A6       82        4       0
                text133                           1F814    1F814      102     8000       0
                text132                            1FAA     1FAA       64        4       0
                text131                            140A     140A       8A        4       0
                text130                           17682    17682      462     8000       0
                text129                            2DAE     2DAE       12     12B7       0
                text128                            2E4C     2E4C        6     12B7       0
                text127                            2C50     2C50       1E     12B7       0
                text126                            2D9C     2D9C       12     12B7       0
                text125                            2E16     2E16        C     12B7       0
                text124                            291E     291E       34     12B7       0
                text123                            283E     283E       38     12B7       0
                text122                            2B1A     2B1A       26     12B7       0
                text121                            2E60     2E60        4     12B7       0
                text120                            2D06     2D06       18     12B7       0
                text119                            2B66     2B66       24     12B7       0
                text118                            2E5C     2E5C        4     12B7       0
                text117                            2E58     2E58        4     12B7       0
                text116                            2CEE     2CEE       18     12B7       0
                text115                            2CD6     2CD6       18     12B7       0
                text114                            2D62     2D62       16     12B7       0
                text113                            2E36     2E36        8     12B7       0
                text112                            2D4C     2D4C       16     12B7       0
                text111                            2CA2     2CA2       1A     12B7       0
                text110                            2E22     2E22        A     12B7       0
                text109                            1F46     1F46       64        4       0
                text108                            1EE2     1EE2       64        4       0
                text107                           17212    17212      470     8000       0
                text106                            1266     1266       8E        4       0
                text105                            17A8     17A8       80        4       0
                text104                            2136     2136       5E        4       0
                text103                             F5A      F5A       A4        4       0
                text102                            29B6     29B6       32     12B7       0
                text101                           1ABD4    1ABD4      242     8000       0
                text100                           1EF42    1EF42      12E     8000       0
                text99                             2E46     2E46        6     12B7       0
                text98                             1B8A     1B8A       78        4       0
                text97                             2684     2684       44     12B7       0
                text96                             23EA     23EA       50      8E6       0
                text95                            19B1A    19B1A      290     8000       0
                text94                            1CD12    1CD12      1A4     8000       0
                text93                            1A28C    1A28C      262     8000       0
                text92                            1A4EE    1A4EE      256     8000       0
                text91                             2DF0     2DF0        E     12B7       0
                text90                             1E16     1E16       66        4       0
                text89                              EB0      EB0       AA        4       0
                text88                             2E64     2E64        2     12B7       0
                text87                             2C12     2C12       20     12B7       0
                text86                             2D8A     2D8A       12     12B7       0
                text85                            1D6CA    1D6CA      18C     8000       0
                text84                             2D36     2D36       16     12B7       0
                text83                             1380     1380       8A        4       0
                text82                              1EC      1EC       E6        4       0
                text81                             1D46     1D46       68        4       0
                text80                            1F712    1F712      102     8000       0
                text79                            1DCD6    1DCD6      17E     8000       0
                text78                            1C0B4    1C0B4      1EA     8000       0
                text77                            1DB58    1DB58      17E     8000       0
                text76                            1BECA    1BECA      1EA     8000       0
                text75                            1C482    1C482      1CE     8000       0
                text74                             20D6     20D6       60        4       0
                text73                            1FFD4    1FFD4       2C     8000       0
                text72                             256E     256E       46     12B7       0
                text71                            1690E    1690E      494     8000       0
                text70                             2984     2984       32     12B7       0
                text69                            1C29E    1C29E      1E4     8000       0
                text68                            12F76    12F76      816     8000       0
                text67                            14692    14692      728     8000       0
                text66                            1C80E    1C80E      1BC     8000       0
                text65                            1D058    1D058      19E     8000       0
                text64                            1F3E6    1F3E6      11C     8000       0
                text63                             2C88     2C88       1A     12B7       0
                text62                             2C6E     2C6E       1A     12B7       0
                text61                            1F916    1F916      100     8000       0
                text60                             18A8     18A8       7E        4       0
                text59                            1FD06    1FD06       F6     8000       0
                text58                            1E70E    1E70E      16C     8000       0
                text57                            1DFCE    1DFCE      176     8000       0
                text56                             1A20     1A20       7A        4       0
                text55                             2E0A     2E0A        C     12B7       0
                text54                            1A744    1A744      24E     8000       0
                text53                            16DA2    16DA2      470     8000       0
                text52                            1A992    1A992      242     8000       0
                text51                             2DE2     2DE2        E     12B7       0
                text50                            1C650    1C650      1BE     8000       0
                text49                            13F18    13F18      77A     8000       0
                text48                             1B12     1B12       78        4       0
                text47                            1A024    1A024      268     8000       0
                text46                            1CB6E    1CB6E      1A4     8000       0
                text45                             278E     278E       3E     12B7       0
                text44                            1DE54    1DE54      17A     8000       0
                text43                             22F2     22F2       52        4       0
                text42                            1F2C6    1F2C6      120     8000       0
                text41                            14DBA    14DBA      614     8000       0
                text40                            1E87A    1E87A      168     8000       0
                text39                            1FA16    1FA16       FC     8000       0
                text38                             151C     151C       84        4       0
                text37                            10000    10000      FAA     8000       0
                text36                             2DFE     2DFE        C     12B7       0
                text35                            1BACC    1BACC      206     8000       0
                text34                             2806     2806       38     12B7       0
                text33                            1ECA4    1ECA4      150     8000       0
                text32                            18374    18374      42A     8000       0
                text31                            18B34    18B34      38A     8000       0
                text30                            1EDF4    1EDF4      14E     8000       0
                text29                              3B6      3B6       E2        4       0
                text28                             10A2     10A2       9C        4       0
                text27                              498      498       E0        4       0
                text26                             21F2     21F2       5A        4       0
                text25                            1879E    1879E      396     8000       0
                text24                            1D856    1D856      184     8000       0
                text23                             1728     1728       80        4       0
                text22                            1B280    1B280      21C     8000       0
                text21                            1AE16    1AE16      236     8000       0
                text20                            1378C    1378C      78C     8000       0
                text19                            1D9DA    1D9DA      17E     8000       0
                text18                            1C9CA    1C9CA      1A4     8000       0
                text17                            1BCD2    1BCD2      1F8     8000       0
                text16                              106      106       E6        4       0
                text15                             1A9A     1A9A       78        4       0
                text14                             2640     2640       44     12B7       0
                text13                            15F4A    15F4A      508     8000       0
                text12                             2DD2     2DD2       10     12B7       0
                text11                             2C32     2C32       1E     12B7       0
                text10                            1FB12    1FB12       FA     8000       0
                text9                              1624     1624       82        4       0
                text8                              19A4     19A4       7C        4       0
                text7                              2952     2952       32     12B7       0
                text6                             1F19C    1F19C      12A     8000       0
                text5                             16452    16452      4BC     8000       0
                text4                              22A0     22A0       52        4       0
                text3                             1FDFC    1FDFC       EC     8000       0
                text2                              1C02     1C02       6E        4       0
                text1                              2B8A     2B8A       22     12B7       0
                text0                               2D2      2D2       E4        4       0
                cstackCOMRAM                        501      501       51      501       1
                cstackBANK5                         560      560       A0      560       1
                cstackBANK6                         600      600       FF      600       1
                cstackBANK7                         7EC      7EC       12      700       1
                bssBIGRAM                           C00      C00     10FC      C00       1
                bssBANK11                           B00      B00      100      B00       1
                bssBANK10                           A00      A00       B0      A00       1
                bssBANK9                            900      900       D0      900       1
                dataBANK8                           85E      85E       47      800       1
                bssBANK8                            800      800       5E      800       1
                dataBANK7                           7DA      7DA       12      700       1
                bssBANK7                            700      700       A1      700       1
                bssBANK6                            6FF      6FF        1      600       1
                bssCOMRAM                           552      552        7      501       1
                cinit                               BD2      BD2       BC        4       0
                nvBANK8                             8A5      8A5       15      800       1
                nvBANK7                             7A1      7A1       39      700       1
                idataBANK8                         2526     2526       47      8E6       0
                idataBANK7                         2D78     2D78       12     12B7       0

TOTAL           Name                               Link     Load   Length     Space
        CLASS   CODE           
                init                                102      102        4         0
                reset_vec                             0        0        4         0
                ivt0x8                                8        8       FA         0
                text224                            2072     2072       64         0
                text223                            1E7C     1E7C       66         0
                text222                            200E     200E       64         0
                text221                            2398     2398       52         0
                text220                            1CDC     1CDC       6A         0
                text219                            11D2     11D2       94         0
                text218                            224C     224C       54         0
                text217                            270C     270C       42         0
                text216                            2194     2194       5E         0
                text215                            2D1E     2D1E       18         0
                text214                            2BF0     2BF0       22         0
                text213                            2AA0     2AA0       2A         0
                text212                            15A0     15A0       84         0
                text211                            2BCE     2BCE       22         0
                text210                           19244    19244      328         0
                text209                            2BAC     2BAC       22         0
                text208                            25FA     25FA       46         0
                text207                             D46      D46       B6         0
                text206                             A4C      A4C       C4         0
                text205                            29E8     29E8       32         0
                text204                            2CBC     2CBC       1A         0
                text203                             982      982       CA         0
                text202                             578      578       D6         0
                text201                           1F502    1F502      10C         0
                text200                           1FEE8    1FEE8       EC         0
                text199                            274E     274E       40         0
                text198                            26C8     26C8       44         0
                text197                            248A     248A       50         0
                text196                             B10      B10       C2         0
                text195                           1B04C    1B04C      234         0
                text194                           1D394    1D394      19C         0
                text193                            2B40     2B40       26         0
                text192                             71C      71C       CE         0
                text191                           1D530    1D530      19A         0
                text190                           1F070    1F070      12C         0
                text189                             FFE      FFE       A4         0
                text188                            1494     1494       88         0
                text187                           1EB46    1EB46      15E         0
                text186                            28E6     28E6       38         0
                text185                            2A74     2A74       2C         0
                text184                            2A48     2A48       2C         0
                text183                            28AE     28AE       38         0
                text182                           19DAA    19DAA      27A         0
                text181                           10FAA    10FAA      C68         0
                text180                            1DAE     1DAE       68         0
                text179                            2AF2     2AF2       28         0
                text178                           1E2BA    1E2BA      174         0
                text177                           18EBE    18EBE      386         0
                text176                           1E9E2    1E9E2      164         0
                text175                           19858    19858      2C2         0
                text174                            1926     1926       7E         0
                text173                             C8E      C8E       B8         0
                text172                            2876     2876       38         0
                text171                             64E      64E       CE         0
                text170                           1E59E    1E59E      170         0
                text169                           17F42    17F42      432         0
                text168                           1E42E    1E42E      170         0
                text167                           1CEB6    1CEB6      1A2         0
                text166                             8B6      8B6       CC         0
                text165                           1956C    1956C      2EC         0
                text164                           1B8C0    1B8C0      20C         0
                text163                           1D1F6    1D1F6      19E         0
                text162                           11C12    11C12      AD4         0
                text161                           1FC0C    1FC0C       FA         0
                text160                            2344     2344       52         0
                text159                            2E2C     2E2C        A         0
                text158                            2DC0     2DC0       12         0
                text157                            2ACA     2ACA       28         0
                text156                            24DA     24DA       4C         0
                text155                             DFC      DFC       B4         0
                text154                           1E144    1E144      176         0
                text153                            1C70     1C70       6C         0
                text152                           1B6B2    1B6B2      20E         0
                text151                           1F60E    1F60E      104         0
                text150                           1B49C    1B49C      216         0
                text149                             7EA      7EA       CC         0
                text148                           17AE4    17AE4      45E         0
                text147                           153CE    153CE      5CA         0
                text146                           15998    15998      5B2         0
                text145                            243A     243A       50         0
                text144                           126E6    126E6      890         0
                text143                            2E52     2E52        6         0
                text142                            113E     113E       94         0
                text141                            27CC     27CC       3A         0
                text140                            2E66     2E66        2         0
                text139                            2A1A     2A1A       2E         0
                text138                            2E3E     2E3E        8         0
                text137                            12F4     12F4       8C         0
                text136                            1828     1828       80         0
                text135                            25B4     25B4       46         0
                text134                            16A6     16A6       82         0
                text133                           1F814    1F814      102         0
                text132                            1FAA     1FAA       64         0
                text131                            140A     140A       8A         0
                text130                           17682    17682      462         0
                text129                            2DAE     2DAE       12         0
                text128                            2E4C     2E4C        6         0
                text127                            2C50     2C50       1E         0
                text126                            2D9C     2D9C       12         0
                text125                            2E16     2E16        C         0
                text124                            291E     291E       34         0
                text123                            283E     283E       38         0
                text122                            2B1A     2B1A       26         0
                text121                            2E60     2E60        4         0
                text120                            2D06     2D06       18         0
                text119                            2B66     2B66       24         0
                text118                            2E5C     2E5C        4         0
                text117                            2E58     2E58        4         0
                text116                            2CEE     2CEE       18         0
                text115                            2CD6     2CD6       18         0
                text114                            2D62     2D62       16         0
                text113                            2E36     2E36        8         0
                text112                            2D4C     2D4C       16         0
                text111                            2CA2     2CA2       1A         0
                text110                            2E22     2E22        A         0
                text109                            1F46     1F46       64         0
                text108                            1EE2     1EE2       64         0
                text107                           17212    17212      470         0
                text106                            1266     1266       8E         0
                text105                            17A8     17A8       80         0
                text104                            2136     2136       5E         0
                text103                             F5A      F5A       A4         0
                text102                            29B6     29B6       32         0
                text101                           1ABD4    1ABD4      242         0
                text100                           1EF42    1EF42      12E         0
                text99                             2E46     2E46        6         0
                text98                             1B8A     1B8A       78         0
                text97                             2684     2684       44         0
                text96                             23EA     23EA       50         0
                text95                            19B1A    19B1A      290         0
                text94                            1CD12    1CD12      1A4         0
                text93                            1A28C    1A28C      262         0
                text92                            1A4EE    1A4EE      256         0
                text91                             2DF0     2DF0        E         0
                text90                             1E16     1E16       66         0
                text89                              EB0      EB0       AA         0
                text88                             2E64     2E64        2         0
                text87                             2C12     2C12       20         0
                text86                             2D8A     2D8A       12         0
                text85                            1D6CA    1D6CA      18C         0
                text84                             2D36     2D36       16         0
                text83                             1380     1380       8A         0
                text82                              1EC      1EC       E6         0
                text81                             1D46     1D46       68         0
                text80                            1F712    1F712      102         0
                text79                            1DCD6    1DCD6      17E         0
                text78                            1C0B4    1C0B4      1EA         0
                text77                            1DB58    1DB58      17E         0
                text76                            1BECA    1BECA      1EA         0
                text75                            1C482    1C482      1CE         0
                text74                             20D6     20D6       60         0
                text73                            1FFD4    1FFD4       2C         0
                text72                             256E     256E       46         0
                text71                            1690E    1690E      494         0
                text70                             2984     2984       32         0
                text69                            1C29E    1C29E      1E4         0
                text68                            12F76    12F76      816         0
                text67                            14692    14692      728         0
                text66                            1C80E    1C80E      1BC         0
                text65                            1D058    1D058      19E         0
                text64                            1F3E6    1F3E6      11C         0
                text63                             2C88     2C88       1A         0
                text62                             2C6E     2C6E       1A         0
                text61                            1F916    1F916      100         0
                text60                             18A8     18A8       7E         0
                text59                            1FD06    1FD06       F6         0
                text58                            1E70E    1E70E      16C         0
                text57                            1DFCE    1DFCE      176         0
                text56                             1A20     1A20       7A         0
                text55                             2E0A     2E0A        C         0
                text54                            1A744    1A744      24E         0
                text53                            16DA2    16DA2      470         0
                text52                            1A992    1A992      242         0
                text51                             2DE2     2DE2        E         0
                text50                            1C650    1C650      1BE         0
                text49                            13F18    13F18      77A         0
                text48                             1B12     1B12       78         0
                text47                            1A024    1A024      268         0
                text46                            1CB6E    1CB6E      1A4         0
                text45                             278E     278E       3E         0
                text44                            1DE54    1DE54      17A         0
                text43                             22F2     22F2       52         0
                text42                            1F2C6    1F2C6      120         0
                text41                            14DBA    14DBA      614         0
                text40                            1E87A    1E87A      168         0
                text39                            1FA16    1FA16       FC         0
                text38                             151C     151C       84         0
                text37                            10000    10000      FAA         0
                text36                             2DFE     2DFE        C         0
                text35                            1BACC    1BACC      206         0
                text34                             2806     2806       38         0
                text33                            1ECA4    1ECA4      150         0
                text32                            18374    18374      42A         0
                text31                            18B34    18B34      38A         0
                text30                            1EDF4    1EDF4      14E         0
                text29                              3B6      3B6       E2         0
                text28                             10A2     10A2       9C         0
                text27                              498      498       E0         0
                text26                             21F2     21F2       5A         0
                text25                            1879E    1879E      396         0
                text24                            1D856    1D856      184         0
                text23                             1728     1728       80         0
                text22                            1B280    1B280      21C         0
                text21                            1AE16    1AE16      236         0
                text20                            1378C    1378C      78C         0
                text19                            1D9DA    1D9DA      17E         0
                text18                            1C9CA    1C9CA      1A4         0
                text17                            1BCD2    1BCD2      1F8         0
                text16                              106      106       E6         0
                text15                             1A9A     1A9A       78         0
                text14                             2640     2640       44         0
                text13                            15F4A    15F4A      508         0
                text12                             2DD2     2DD2       10         0
                text11                             2C32     2C32       1E         0
                text10                            1FB12    1FB12       FA         0
                text9                              1624     1624       82         0
                text8                              19A4     19A4       7C         0
                text7                              2952     2952       32         0
                text6                             1F19C    1F19C      12A         0
                text5                             16452    16452      4BC         0
                text4                              22A0     22A0       52         0
                text3                             1FDFC    1FDFC       EC         0
                text2                              1C02     1C02       6E         0
                text1                              2B8A     2B8A       22         0
                text0                               2D2      2D2       E4         0
                cinit                               BD2      BD2       BC         0
                idataBANK8                         2526     2526       47         0
                idataBANK7                         2D78     2D78       12         0

        CLASS   CONST          

        CLASS   SMALLCONST     

        CLASS   MEDIUMCONST    
                mediumconst                        DF6C     DF6C     2094         0

        CLASS   COMRAM         
                cstackCOMRAM                        501      501       51         1
                bssCOMRAM                           552      552        7         1

        CLASS   ABS1           

        CLASS   BIGRAM         
                bssBIGRAM                           C00      C00     10FC         1

        CLASS   RAM            

        CLASS   BANK5          
                cstackBANK5                         560      560       A0         1

        CLASS   BANK6          
                cstackBANK6                         600      600       FF         1
                bssBANK6                            6FF      6FF        1         1

        CLASS   BANK7          
                cstackBANK7                         7EC      7EC       12         1
                dataBANK7                           7DA      7DA       12         1
                bssBANK7                            700      700       A1         1
                nvBANK7                             7A1      7A1       39         1

        CLASS   BANK8          
                dataBANK8                           85E      85E       47         1
                bssBANK8                            800      800       5E         1
                nvBANK8                             8A5      8A5       15         1

        CLASS   BANK9          
                bssBANK9                            900      900       D0         1

        CLASS   BANK10         
                bssBANK10                           A00      A00       B0         1

        CLASS   BANK11         
                bssBANK11                           B00      B00      100         1

        CLASS   BANK12         

        CLASS   BANK13         

        CLASS   BANK14         

        CLASS   BANK15         

        CLASS   BANK16         

        CLASS   BANK17         

        CLASS   BANK18         

        CLASS   BANK19         

        CLASS   BANK20         

        CLASS   BANK21         

        CLASS   BANK22         

        CLASS   BANK23         

        CLASS   BANK24         

        CLASS   BANK25         

        CLASS   BANK26         

        CLASS   BANK27         

        CLASS   BANK28         

        CLASS   BANK29         

        CLASS   BANK30         

        CLASS   BANK31         

        CLASS   BANK32         

        CLASS   BANK33         

        CLASS   BANK34         

        CLASS   BANK35         

        CLASS   BANK36         

        CLASS   SFR            

        CLASS   BIGSFR         

        CLASS   CONFIG         
                config                           300000   300000        A         4

        CLASS   IDLOC          

        CLASS   EEDATA         

        CLASS   FARRAM         

        CLASS   HEAP           

        CLASS   STACK          



SEGMENTS        Name                           Load    Length   Top    Selector   Space  Class

                reset_vec                      000000  000004  000004         0       0  CODE    
                ivt0x8                         000008  00238E  002396         4       0  CODE    
                cstackCOMRAM                   000501  000058  000559       501       1  COMRAM  
                cstackBANK5                    000560  0000A0  000600       560       1  BANK5   
                cstackBANK6                    000600  000100  000700       600       1  BANK6   
                bssBANK7                       000700  0000FE  0007FE       700       1  BANK7   
                bssBANK8                       000800  0000BA  0008BA       800       1  BANK8   
                bssBANK9                       000900  0000D0  0009D0       900       1  BANK9   
                bssBANK10                      000A00  0000B0  000AB0       A00       1  BANK10  
                bssBANK11                      000B00  000100  000C00       B00       1  BANK11  
                bssBIGRAM                      000C00  0010FC  001CFC       C00       1  BIGRAM  
                text221                        002398  0001D5  00256D       8E6       0  CODE    
                text72                         00256E  0008FA  002E68      12B7       0  CODE    
                mediumconst                    00DF6C  002094  010000      6FB6       0  MEDIUMCO
                text37                         010000  010000  020000      8000       0  CODE    


UNUSED ADDRESS RANGES

        Name                Unused          Largest block    Delta
        BANK10           000AB0-000AFF               50
        BANK28           001CFC-001CFF                4
        BANK29           001D00-001DFF              100
        BANK30           001E00-001EFF              100
        BANK31           001F00-001FFF              100
        BANK32           002000-0020FF              100
        BANK33           002100-0021FF              100
        BANK34           002200-0022FF              100
        BANK35           002300-0023FF              100
        BANK36           002400-0024FF              100
        BANK7            0007FE-0007FF                2
        BANK8            0008BA-0008FF               46
        BANK9            0009D0-0009FF               30
        BIGRAM           000559-00055F                7
                         0007FE-0007FF                2
                         0008BA-0008FF               46
                         0009D0-0009FF               30
                         000AB0-000AFF               50
                         001CFC-0024FF              804
        BIGSFR           000000-0004FF              500
                         002500-0025FF              100
        CODE             000004-000007                4
                         002396-002397                2
                         00256D-00256D                1
                         002E68-00DF6B             B104
        COMRAM           000559-00055F                7
        CONFIG           30000A-300011                8
        CONST            000004-000007                4
                         002396-002397                2
                         00256D-00256D                1
                         002E68-00DF6B             B104
        EEDATA           380000-3803FF              400
        IDLOC            200000-20003F               40
        MEDIUMCONST      002E68-00DF6B             B104
        RAM              0007FE-0007FF                2
                         0008BA-0008FF               46
                         0009D0-0009FF               30
                         000AB0-000AFF               50
                         001CFC-0024FF              100
        SFR              000000-0004FF              100
                         002500-0025FF              100
        SMALLCONST       002E68-00DF6B              100

                                  Symbol Table

?_SDCard_debug                                 cstackCOMRAM 000508
?_SDCard_init                                  cstackBANK5  00058F
?_SDCard_read512                               cstackBANK5  0005A8
?_SDCard_write512                              cstackBANK5  0005A8
?___SDCard_command_r1                          cstackCOMRAM 00051F
?___SDCard_crc16                               cstackCOMRAM 000508
?___aldiv                                      cstackCOMRAM 000508
?___almod                                      cstackCOMRAM 000508
?___lldiv                                      cstackCOMRAM 000508
?___llmod                                      cstackCOMRAM 000508
?___lmul                                       cstackCOMRAM 000508
?___lwmod                                      cstackCOMRAM 000508
?___strtoxl                                    cstackCOMRAM 000515
?___wmul                                       cstackCOMRAM 000508
?_abs                                          cstackCOMRAM 000512
?_check_fs                                     cstackBANK5  0005ED
?_clst2sect                                    cstackCOMRAM 000514
?_cpm_disk_read                                cstackBANK6  000654
?_cpm_trsect_from_lba                          cstackBANK5  000589
?_cpm_trsect_to_lba                            cstackBANK5  000589
?_create_chain                                 cstackBANK6  00060E
?_ctoa                                         cstackCOMRAM 000514
?_dbc_1st                                      cstackCOMRAM 000508
?_dbc_2nd                                      cstackCOMRAM 000508
?_disas_op                                     cstackBANK5  000587
?_disas_ops                                    cstackBANK5  000599
?_disk_init                                    cstackBANK6  0006BB
?_dtoa                                         cstackCOMRAM 000526
?_emuz80_57q_name                              cstackCOMRAM 000508
?_emuz80_common_high_addr_mask                 cstackCOMRAM 000508
?_emuz80_common_low_addr_mask                  cstackCOMRAM 000508
?_fatdisk_debug                                cstackCOMRAM 000508
?_find_volume                                  cstackBANK5  0005FB
?_get_fat                                      cstackBANK5  0005ED
?_get_fattime                                  cstackCOMRAM 000508
?_get_ldnumber                                 cstackCOMRAM 000508
?_io_stat                                      cstackCOMRAM 000508
?_isalnum                                      cstackCOMRAM 00050E
?_isalpha                                      cstackCOMRAM 000508
?_isdigit                                      cstackCOMRAM 000508
?_islower                                      cstackCOMRAM 000508
?_isspace                                      cstackCOMRAM 000508
?_isupper                                      cstackCOMRAM 000508
?_ld_clust                                     cstackCOMRAM 00050F
?_ld_dword                                     cstackCOMRAM 000508
?_ld_word                                      cstackCOMRAM 000508
?_memcmp                                       cstackCOMRAM 000508
?_menu_select                                  cstackBANK7  0007EC
?_mon_chartoval                                cstackCOMRAM 000508
?_mon_cmd_breakpoint                           cstackBANK6  000672
?_mon_cmd_clearbreakpoint                      cstackBANK6  000672
?_mon_cmd_continue                             cstackBANK6  000672
?_mon_cmd_disassemble                          cstackBANK6  000672
?_mon_cmd_diskread                             cstackBANK6  000672
?_mon_cmd_dump                                 cstackBANK6  000672
?_mon_cmd_help                                 cstackBANK6  000672
?_mon_cmd_reset                                cstackBANK6  000672
?_mon_cmd_sdread                               cstackBANK6  000672
?_mon_cmd_set                                  cstackBANK6  000672
?_mon_cmd_status                               cstackBANK6  000672
?_mon_cmd_step                                 cstackBANK6  000672
?_mon_cmd_write                                cstackBANK6  000672
?_mon_get_hexval                               cstackCOMRAM 00050D
?_mon_get_str                                  cstackCOMRAM 000512
?_mon_parse                                    cstackBANK5  000589
?_mon_prompt                                   cstackBANK6  000688
?_mon_strtoval                                 cstackCOMRAM 000538
?_otoa                                         cstackCOMRAM 000526
?_pad                                          cstackCOMRAM 00051B
?_printf                                       cstackBANK5  000571
?_read_prec_or_width                           cstackCOMRAM 00050E
?_sprintf                                      cstackBANK5  000571
?_stoa                                         cstackCOMRAM 000514
?_strchr                                       cstackCOMRAM 000508
?_strcmp                                       cstackCOMRAM 000508
?_strlen                                       cstackCOMRAM 000508
?_strncmp                                      cstackCOMRAM 000508
?_strtoul                                      cstackCOMRAM 000532
?_toupper                                      cstackCOMRAM 00050C
?_util_stricmp                                 cstackCOMRAM 000510
?_utoa                                         cstackCOMRAM 000526
?_vfpfcnvrt                                    cstackCOMRAM 00053B
?_vfprintf                                     cstackBANK5  00056B
?_xtoa                                         cstackCOMRAM 000526
?i2___lwmod                                    cstackCOMRAM 000501
Default_ISR@c                                  cstackCOMRAM 000507
IVTBASEH                                       (abs)        00045E
IVTBASEL                                       (abs)        00045D
IVTBASEU                                       (abs)        00045F
SDCard_command@argument                        cstackCOMRAM 00052F
SDCard_command@command                         cstackCOMRAM 000537
SDCard_command@length                          cstackCOMRAM 000535
SDCard_command@response_buffer                 cstackCOMRAM 000533
SDCard_command@responsep                       cstackCOMRAM 00053C
SDCard_command@result                          cstackCOMRAM 00053A
SDCard_command@spi                             cstackCOMRAM 000538
SDCard_crc@buf                                 cstackCOMRAM 000508
SDCard_crc@count                               cstackCOMRAM 00050A
SDCard_crc@crc                                 cstackCOMRAM 000510
SDCard_crc@endp                                cstackCOMRAM 00050C
SDCard_crc@i                                   cstackCOMRAM 00050E
SDCard_crc@p                                   cstackCOMRAM 000511
SDCard_debug@newval                            cstackCOMRAM 000508
SDCard_debug@res                               cstackCOMRAM 00050A
SDCard_end_transaction@spi                     cstackCOMRAM 000519
SDCard_init@buf                                cstackBANK5  000599
SDCard_init@clock_speed                        cstackBANK5  000591
SDCard_init@i                                  cstackBANK5  000595
SDCard_init@initial_clock_speed                cstackBANK5  00058F
SDCard_init@spi                                cstackBANK5  000597
SDCard_init@timeout                            cstackBANK5  000593
SDCard_read512@addr                            cstackBANK5  0005A8
SDCard_read512@buf                             cstackBANK5  0005AE
SDCard_read512@count                           cstackBANK5  0005B0
SDCard_read512@crc                             cstackBANK5  0005C2
SDCard_read512@i                               cstackBANK5  0005B6
SDCard_read512@i_2724                          cstackBANK5  0005B8
SDCard_read512@offs                            cstackBANK5  0005AC
SDCard_read512@resp_crc                        cstackBANK5  0005BC
SDCard_read512@response                        cstackBANK5  0005C4
SDCard_read512@result                          cstackBANK5  0005BE
SDCard_read512@retry                           cstackBANK5  0005BA
SDCard_read512@spi                             cstackBANK5  0005C0
SDCard_write512@addr                           cstackBANK5  0005A8
SDCard_write512@buf                            cstackBANK5  0005AE
SDCard_write512@count                          cstackBANK5  0005B0
SDCard_write512@crc                            cstackBANK5  0005BE
SDCard_write512@i                              cstackBANK5  0005B6
SDCard_write512@i_2741                         cstackBANK5  0005B8
SDCard_write512@offs                           cstackBANK5  0005AC
SDCard_write512@response                       cstackBANK5  0005C2
SDCard_write512@result                         cstackBANK5  0005BC
SDCard_write512@retry                          cstackBANK5  0005BA
SDCard_write512@spi                            cstackBANK5  0005C0
SPI_SD_begin@ctx                               cstackCOMRAM 00050A
SPI_SD_begin@ctx_                              cstackCOMRAM 000508
SPI_SD_begin_transaction@ctx_                  cstackCOMRAM 00050C
SPI_SD_configure@bit_order                     cstackBANK5  00058D
SPI_SD_configure@clock_speed                   cstackBANK5  00058B
SPI_SD_configure@ctx_                          cstackBANK5  000589
SPI_SD_configure@data_mode                     cstackBANK5  00058E
SPI_SD_dummy_clocks@clocks                     cstackCOMRAM 000514
SPI_SD_dummy_clocks@ctx_                       cstackCOMRAM 000512
SPI_SD_dummy_clocks@dummy                      cstackCOMRAM 000518
SPI_SD_dummy_clocks@i                          cstackCOMRAM 000516
SPI_SD_end_transaction@ctx_                    cstackCOMRAM 00050C
SPI_SD_receive@buf                             cstackCOMRAM 00050A
SPI_SD_receive@count                           cstackCOMRAM 00050C
SPI_SD_receive@ctx_                            cstackCOMRAM 000508
SPI_SD_receive@i                               cstackCOMRAM 000511
SPI_SD_receive@i_2641                          cstackCOMRAM 000513
SPI_SD_receive@p                               cstackCOMRAM 000514
SPI_SD_receive@repeat                          cstackCOMRAM 000510
SPI_SD_receive_byte@ctx_                       cstackCOMRAM 000516
SPI_SD_receive_byte@dummy                      cstackCOMRAM 000518
SPI_SD_select@ctx_                             cstackCOMRAM 000508
SPI_SD_select@select                           cstackCOMRAM 00050A
SPI_SD_send@buf                                cstackCOMRAM 00050A
SPI_SD_send@count                              cstackCOMRAM 00050C
SPI_SD_send@ctx_                               cstackCOMRAM 000508
SPI_SD_send@i                                  cstackCOMRAM 00050E
SPI_SD_send@p                                  cstackCOMRAM 000510
_ANSELA                                        (abs)        000400
_ANSELA3                                       (abs)        002003
_ANSELB                                        (abs)        000408
_ANSELC                                        (abs)        000410
_ANSELD                                        (abs)        000418
_ANSELE0                                       (abs)        002100
_ANSELE1                                       (abs)        002101
_ANSELE2                                       (abs)        002102
_ANSELF                                        (abs)        000428
_CLC1IE                                        (abs)        0024F5
_CLC1IF                                        (abs)        002575
_CLCDATA                                       (abs)        0000D4
_CLCIN0PPS                                     (abs)        000261
_CLCIN2PPS                                     (abs)        000263
_CLCSELECT                                     (abs)        0000D5
_CLCnCON                                       (abs)        0000D6
_CLCnGLS0                                      (abs)        0000DC
_CLCnGLS1                                      (abs)        0000DD
_CLCnGLS2                                      (abs)        0000DE
_CLCnGLS3                                      (abs)        0000DF
_CLCnPOL                                       (abs)        0000D7
_CLCnSEL0                                      (abs)        0000D8
_CLCnSEL1                                      (abs)        0000D9
_CLCnSEL2                                      (abs)        0000DA
_CLCnSEL3                                      (abs)        0000DB
_DbcTbl                                        mediumconst  00DFB3
_Default_ISR                                   text221      002398
_FatFs                                         bssBANK7     000729
_Fsid                                          bssBANK7     000727
_G3POL                                         (abs)        0006BA
_GIE                                           (abs)        0026B7
_IVTBASE                                       (abs)        00045D
_IVTLOCK                                       (abs)        000459
_IVTLOCKbits                                   (abs)        000459
_LATA1                                         (abs)        0025F1
_LATA4                                         (abs)        0025F4
_LATA5                                         (abs)        0025F5
_LATA6                                         (abs)        0025F6
_LATB                                          (abs)        0004BF
_LATC4                                         (abs)        002604
_LATC5                                         (abs)        002605
_LATD                                          (abs)        0004C1
_LATE0                                         (abs)        002610
_LATE1                                         (abs)        002611
_LATE2                                         (abs)        002612
_LATF                                          (abs)        0004C3
_NCO1CLK                                       (abs)        000447
_NCO1EN                                        (abs)        002237
_NCO1INC                                       (abs)        000443
_NCO1OUT                                       (abs)        002235
_NCO1PFM                                       (abs)        002230
_OSCFRQ                                        (abs)        0000B1
_PORTB                                         (abs)        0004CF
_PORTF                                         (abs)        0004D3
_RA0                                           (abs)        002670
_RA1                                           (abs)        002671
_RA3PPS                                        (abs)        000204
_RA4PPS                                        (abs)        000205
_RA5                                           (abs)        002675
_RA6PPS                                        (abs)        000207
_RC0PPS                                        (abs)        000211
_RC1PPS                                        (abs)        000212
_SDCard_command                                text8        0019A4
_SDCard_crc                                    text212      0015A0
_SDCard_debug                                  text63       002C88
_SDCard_end_transaction                        text213      002AA0
_SDCard_init                                   text5        016452
_SDCard_read512                                text177      018EBE
_SDCard_write512                               text169      017F42
_SLRCONCbits                                   (abs)        000413
_SPI1BAUD                                      (abs)        000089
_SPI1CLK                                       (abs)        00008C
_SPI1CON0                                      (abs)        000084
_SPI1CON0bits                                  (abs)        000084
_SPI1CON1                                      (abs)        000085
_SPI1CON1bits                                  (abs)        000085
_SPI1CON2bits                                  (abs)        000086
_SPI1INTE                                      (abs)        00008B
_SPI1RXB                                       (abs)        000080
_SPI1RXIF                                      (abs)        002588
_SPI1SCKPPS                                    (abs)        00026A
_SPI1SDIPPS                                    (abs)        00026B
_SPI1TCNTH                                     (abs)        000083
_SPI1TCNTL                                     (abs)        000082
_SPI1TWIDTH                                    (abs)        000088
_SPI1TXB                                       (abs)        000081
_SPI_SD_begin                                  text7        002952
_SPI_SD_begin_transaction                      text211      002BCE
_SPI_SD_configure                              text6        01F19C
_SPI_SD_ctx                                    dataBANK7    0007DE
_SPI_SD_dummy_clocks                           text216      002194
_SPI_SD_end_transaction                        text214      002BF0
_SPI_SD_receive                                text210      019244
_SPI_SD_receive_byte                           text209      002BAC
_SPI_SD_select                                 text215      002D1E
_SPI_SD_send                                   text219      0011D2
_TRISA0                                        (abs)        002630
_TRISA1                                        (abs)        002631
_TRISA3                                        (abs)        002633
_TRISA4                                        (abs)        002634
_TRISA5                                        (abs)        002635
_TRISA6                                        (abs)        002636
_TRISA7                                        (abs)        002637
_TRISB                                         (abs)        0004C7
_TRISC0                                        (abs)        002640
_TRISC1                                        (abs)        002641
_TRISC2                                        (abs)        002642
_TRISC4                                        (abs)        002644
_TRISC5                                        (abs)        002645
_TRISD                                         (abs)        0004C9
_TRISE0                                        (abs)        002650
_TRISE1                                        (abs)        002651
_TRISE2                                        (abs)        002652
_TRISF                                         (abs)        0004CB
_U3BRG                                         (abs)        0002D4
_U3ON                                          (abs)        001697
_U3RXB                                         (abs)        0002C7
_U3RXEN                                        (abs)        00168C
_U3RXIE                                        (abs)        002538
_U3RXIF                                        (abs)        0025B8
_U3RXPPS                                       (abs)        000276
_U3TXB                                         (abs)        0002C9
_U3TXEN                                        (abs)        00168D
_U3TXIE                                        (abs)        002539
_U3TXIF                                        (abs)        0025B9
_WPUA0                                         (abs)        002008
_WPUA1                                         (abs)        002009
_WPUA5                                         (abs)        00200D
_WPUB                                          (abs)        000409
_WPUC5                                         (abs)        00208D
_WPUD                                          (abs)        000419
_WPUF                                          (abs)        000429
__Exit                                         text128      002E4C
__Exit@ec                                      cstackCOMRAM 000508
__HRAM                                         (abs)        000000
__H__absolute__                                __absolute__ 000000
__Habs1                                        abs1         000000
__Hbank10                                      bank10       000000
__Hbank11                                      bank11       000000
__Hbank12                                      bank12       000000
__Hbank13                                      bank13       000000
__Hbank14                                      bank14       000000
__Hbank15                                      bank15       000000
__Hbank16                                      bank16       000000
__Hbank17                                      bank17       000000
__Hbank18                                      bank18       000000
__Hbank19                                      bank19       000000
__Hbank20                                      bank20       000000
__Hbank21                                      bank21       000000
__Hbank22                                      bank22       000000
__Hbank23                                      bank23       000000
__Hbank24                                      bank24       000000
__Hbank25                                      bank25       000000
__Hbank26                                      bank26       000000
__Hbank27                                      bank27       000000
__Hbank28                                      bank28       000000
__Hbank29                                      bank29       000000
__Hbank30                                      bank30       000000
__Hbank31                                      bank31       000000
__Hbank32                                      bank32       000000
__Hbank33                                      bank33       000000
__Hbank34                                      bank34       000000
__Hbank35                                      bank35       000000
__Hbank36                                      bank36       000000
__Hbank5                                       bank5        000000
__Hbank6                                       bank6        000000
__Hbank7                                       bank7        000000
__Hbank8                                       bank8        000000
__Hbank9                                       bank9        000000
__Hbigbss                                      bigbss       000000
__Hbigdata                                     bigdata      000000
__Hbigram                                      bigram       000000
__Hbigsfr                                      bigsfr       000000
__Hbss                                         bss          000000
__HbssBANK10                                   bssBANK10    000000
__HbssBANK11                                   bssBANK11    000000
__HbssBANK6                                    bssBANK6     000000
__HbssBANK7                                    bssBANK7     000000
__HbssBANK8                                    bssBANK8     000000
__HbssBANK9                                    bssBANK9     000000
__HbssBIGRAM                                   bssBIGRAM    000000
__HbssCOMRAM                                   bssCOMRAM    000000
__Hcinit                                       cinit        000000
__Hclrtext                                     clrtext      000000
__Hcomram                                      comram       000000
__Hconfig                                      config       30000A
__Hconst                                       const        000000
__HcstackBANK5                                 cstackBANK5  000000
__HcstackBANK6                                 cstackBANK6  000000
__HcstackBANK7                                 cstackBANK7  000000
__HcstackCOMRAM                                cstackCOMRAM 000000
__Hdata                                        data         000000
__HdataBANK7                                   dataBANK7    000000
__HdataBANK8                                   dataBANK8    000000
__Heeprom_data                                 eeprom_data  000000
__Hfarbss                                      farbss       000000
__Hfardata                                     fardata      000000
__Hheap                                        heap         000000
__Hibigdata                                    ibigdata     000000
__Hidata                                       idata        000000
__HidataBANK7                                  idataBANK7   000000
__HidataBANK8                                  idataBANK8   000000
__Hidloc                                       idloc        000000
__Hifardata                                    ifardata     000000
__Hinit                                        init         000106
__Hintsave_regs                                intsave_regs 000000
__Hirdata                                      irdata       000000
__Hivt0x8                                      ivt0x8       000102
__Hmediumconst                                 mediumconst  010000
__HnvBANK7                                     nvBANK7      000000
__HnvBANK8                                     nvBANK8      000000
__HnvFARRAM                                    nvFARRAM     000000
__Hnvbit                                       nvbit        000000
__Hnvrram                                      nvrram       000000
__Hparam                                       rparam       000000
__Hpowerup                                     powerup      000000
__Hram                                         ram          000000
__Hramtop                                      ramtop       002600
__Hrbit                                        rbit         000000
__Hrbss                                        rbss         000000
__Hrdata                                       rdata        000000
__Hreset_vec                                   reset_vec    000004
__Hrparam                                      rparam       000000
__Hsfr                                         sfr          000000
__Hsmallconst                                  smallconst   000000
__Hspace_0                                     (abs)        020000
__Hspace_1                                     (abs)        001CFC
__Hspace_2                                     (abs)        000000
__Hspace_4                                     (abs)        60000A
__Hstack                                       stack        000000
__Hstruct                                      struct       000000
__Htemp                                        temp         000000
__Htext                                        text         000000
__Htext0                                       text0        000000
__Htext1                                       text1        000000
__Htext10                                      text10       000000
__Htext100                                     text100      000000
__Htext101                                     text101      000000
__Htext102                                     text102      000000
__Htext103                                     text103      000000
[...]
write_to_sram_low_addr@dest                    cstackBANK5  0005CB
write_to_sram_low_addr@len                     cstackBANK5  0005D1
write_to_sram_low_addr@n                       cstackBANK5  0005DF
write_to_sram_low_addr@saved_io_status         cstackBANK5  0005DB
xtoa@c                                         cstackCOMRAM 00053A
xtoa@d                                         cstackCOMRAM 000528
xtoa@d_nonzero                                 cstackCOMRAM 000535
xtoa@fp                                        cstackCOMRAM 000526
xtoa@i                                         cstackCOMRAM 000538
xtoa@p                                         cstackCOMRAM 000533
xtoa@w                                         cstackCOMRAM 000536
xtoa@x                                         cstackCOMRAM 00052C


MODULE INFORMATION

Module		Function		Class		Link	Load	Size
C:\Program Files\Microchip\xc8\v2.41\pic\sources\c99\common\toupper.c
		_toupper       		CODE           	28AE	0000	56

C:\Program Files\Microchip\xc8\v2.41\pic\sources\c99\common\toupper.c estimated size: 56

../src/boards/../../drivers/pic18f47q43_spi.c
		_SPI_SD_send   		CODE           	11D2	0000	148
		_SPI_SD_begin  		CODE           	2952	0000	50
		_SPI_SD_select 		CODE           	2D1E	0000	24
		_SPI_SD_configure		CODE           	1F19C	0000	298
		_SPI_SD_receive_byte		CODE           	2BAC	0000	34
		_SPI_SD_receive		CODE           	19244	0000	808
		_SPI_SD_end_transaction		CODE           	2BF0	0000	34
		_SPI_SD_dummy_clocks		CODE           	2194	0000	94
		_release_bus   		CODE           	270C	0000	66
		_SPI_SD_begin_transaction		CODE           	2BCE	0000	34
		_acquire_bus   		CODE           	224C	0000	84

../src/boards/../../drivers/pic18f47q43_spi.c estimated size: 1674

C:\Program Files\Microchip\xc8\v2.41\pic\sources\c99\common\isalpha.c
		_isalpha       		CODE           	28E6	0000	56

C:\Program Files\Microchip\xc8\v2.41\pic\sources\c99\common\isalpha.c estimated size: 56

C:\Program Files\Microchip\xc8\v2.41\pic\sources\c99\common\llmod.c
		___llmod       		CODE           	1494	0000	136

C:\Program Files\Microchip\xc8\v2.41\pic\sources\c99\common\llmod.c estimated size: 136

C:\Program Files\Microchip\xc8\v2.41\pic\sources\c99\common\almod.c
		___almod       		CODE           	1FEE8	0000	236

C:\Program Files\Microchip\xc8\v2.41\pic\sources\c99\common\almod.c estimated size: 236

C:\Program Files\Microchip\xc8\v2.41\pic\sources\c99\common\Umul32.c
		___lmul        		CODE           	1CDC	0000	106

C:\Program Files\Microchip\xc8\v2.41\pic\sources\c99\common\Umul32.c estimated size: 106

../drivers/diskio.c
		_fatdisk_debug 		CODE           	2C6E	0000	26
		_get_fattime   		CODE           	2DC0	0000	18
		_disk_initialize		CODE           	19858	0000	706
		_disk_write    		CODE           	1E42E	0000	368
		_disk_status   		CODE           	1926	0000	126
		_disk_ioctl    		CODE           	0DFC	0000	180
		_disk_read     		CODE           	1E59E	0000	368

../drivers/diskio.c estimated size: 1792

C:\Program Files\Microchip\xc8\v2.41\pic\sources\c99\common\assert.c
		___assert_fail 		CODE           	291E	0000	52

C:\Program Files\Microchip\xc8\v2.41\pic\sources\c99\common\assert.c estimated size: 52

C:\Program Files\Microchip\xc8\v2.41\pic\sources\c99\common\strtoul.c
		_strtoul       		CODE           	2984	0000	50

C:\Program Files\Microchip\xc8\v2.41\pic\sources\c99\common\strtoul.c estimated size: 50

../src/boards/../../drivers/SDCard.c
		_SDCard_crc    		CODE           	15A0	0000	132
		___SDCard_crc16		CODE           	0A4C	0000	196
		_SDCard_init   		CODE           	16452	0000	1212
		_SDCard_debug  		CODE           	2C88	0000	26
		_SDCard_read512		CODE           	18EBE	0000	902
		_SDCard_command		CODE           	19A4	0000	124
		_SDCard_write512		CODE           	17F42	0000	1074
		_SDCard_end_transaction		CODE           	2AA0	0000	42
		___SDCard_wait_response		CODE           	25FA	0000	70
		___SDCard_command_r1		CODE           	0D46	0000	182

../src/boards/../../drivers/SDCard.c estimated size: 3960

../src/boards/z8s57q.c
		_emuz80_57q_name		CODE           	2E2C	0000	10
		_emuz80_57q_sys_init		CODE           	1FDFC	0000	236
		_emuz80_57q_io_event		CODE           	2D06	0000	24
		_emuz80_57q_set_wait_pin		CODE           	2CA2	0000	26
		_emuz80_57q_clear_io_event		CODE           	2E60	0000	4
		_emuz80_57q_bus_master		CODE           	283E	0000	56
		_emuz80_57q_setup_addrbus		CODE           	2A1A	0000	46
		_board_init    		CODE           	1624	0000	130
		_emuz80_57q_wait_io_event		CODE           	2B66	0000	36
		_emuz80_57q_set_bank_pins		CODE           	2E66	0000	2
		_emuz80_57q_start_z80		CODE           	1B8A	0000	120

../src/boards/z8s57q.c estimated size: 690

C:\Program Files\Microchip\xc8\v2.41\pic\sources\c99\common\__lldiv.c
		___lldiv       		CODE           	0FFE	0000	164

C:\Program Files\Microchip\xc8\v2.41\pic\sources\c99\common\__lldiv.c estimated size: 164

C:\Program Files\Microchip\xc8\v2.41\pic\sources\c99\common\__strtoxl.c
		___strtoxl     		CODE           	1690E	0000	1172

C:\Program Files\Microchip\xc8\v2.41\pic\sources\c99\common\__strtoxl.c estimated size: 1172

../src/disas.c
		_disas_op      		CODE           	19B1A	0000	656
		_disas_ops     		CODE           	1CD12	0000	420

../src/disas.c estimated size: 1076

../src/io.c
		_getch_buffered		CODE           	140A	0000	138
		_io_invoke_target_cpu_prepare		CODE           	1D6CA	0000	396
		_putch         		CODE           	2CBC	0000	26
		_cpm_trsect_from_lba		CODE           	1D058	0000	414
		___con_flush_buffer		CODE           	1F46	0000	100
		_ungetch       		CODE           	1E7C	0000	102
		_try_to_invoke_monitor		CODE           	1FA16	0000	252
		_io_init       		CODE           	2DFE	0000	12
		_putch_buffered		CODE           	1EE2	0000	100
		_io_wait_write 		CODE           	17212	0000	1136
		_io_invoke_target_cpu_teardown		CODE           	1F712	0000	258
		_io_stat       		CODE           	2E22	0000	10
		_con_flush_buffer		CODE           	29E8	0000	50
		_io_invoke_target_cpu		CODE           	1ABD4	0000	578
		_Default_ISR   		CODE           	2398	0000	82
		_cpm_trsect_to_lba		CODE           	1F3E6	0000	284
		_hw_ctrl_read  		CODE           	2E52	0000	6
		_io_handle     		CODE           	10000	0000	4010
		_hw_ctrl_write 		CODE           	113E	0000	148
		_cpm_disk_read 		CODE           	1C80E	0000	444

../src/io.c estimated size: 8546

C:\Program Files\Microchip\xc8\v2.41\pic\sources\c99\common\strlen.c
		_strlen        		CODE           	248A	0000	80

C:\Program Files\Microchip\xc8\v2.41\pic\sources\c99\common\strlen.c estimated size: 80

C:\Program Files\Microchip\xc8\v2.41\pic\sources\c99\common\nf_fputc.c
		_fputc         		CODE           	0982	0000	202

C:\Program Files\Microchip\xc8\v2.41\pic\sources\c99\common\nf_fputc.c estimated size: 202

../src/memory.c
		_dma_write_to_sram		CODE           	1BECA	0000	490
		___write_to_sram		CODE           	1828	0000	128
		___memcpy_on_target		CODE           	1EF42	0000	302
		_mmu_bank_config		CODE           	27CC	0000	58
		_mmu_bank_select		CODE           	1F814	0000	258
		___read_from_sram		CODE           	17A8	0000	128
		_mem_init      		CODE           	1BACC	0000	518
		_read_from_sram_low_addr		CODE           	1DCD6	0000	382
		_dma_read_from_sram		CODE           	1C0B4	0000	490
		_write_to_sram_low_addr		CODE           	1DB58	0000	382

../src/memory.c estimated size: 3136

C:\Program Files\Microchip\xc8\v2.41\pic\sources\c99\common\strcmp.c
		_strcmp        		CODE           	1A9A	0000	120

C:\Program Files\Microchip\xc8\v2.41\pic\sources\c99\common\strcmp.c estimated size: 120

C:\Program Files\Microchip\xc8\v2.41\pic\sources\c99\common\strchr.c
		_strchr        		CODE           	21F2	0000	90

C:\Program Files\Microchip\xc8\v2.41\pic\sources\c99\common\strchr.c estimated size: 90

C:\Program Files\Microchip\xc8\v2.41\pic\sources\c99\common\strcpy.c
		_strcpy        		CODE           	2640	0000	68

C:\Program Files\Microchip\xc8\v2.41\pic\sources\c99\common\strcpy.c estimated size: 68

C:\Program Files\Microchip\xc8\v2.41\pic\sources\c99\common\memset.c
		_memset        		CODE           	1E144	0000	374

C:\Program Files\Microchip\xc8\v2.41\pic\sources\c99\common\memset.c estimated size: 374

C:\Program Files\Microchip\xc8\v2.41\pic\sources\c99\common\isdigit.c
		_isdigit       		CODE           	1FFD4	0000	44

C:\Program Files\Microchip\xc8\v2.41\pic\sources\c99\common\isdigit.c estimated size: 44

C:\Program Files\Microchip\xc8\v2.41\pic\sources\c99\common\nf_sprintf.c
		_sprintf       		CODE           	23EA	0000	80

C:\Program Files\Microchip\xc8\v2.41\pic\sources\c99\common\nf_sprintf.c estimated size: 80

C:\Program Files\Microchip\xc8\v2.41\pic\sources\c99\common\aldiv.c
		___aldiv       		CODE           	1F502	0000	268

C:\Program Files\Microchip\xc8\v2.41\pic\sources\c99\common\aldiv.c estimated size: 268

C:\Program Files\Microchip\xc8\v2.41\pic\sources\c99\common\abs.c
		_abs           		CODE           	274E	0000	64

C:\Program Files\Microchip\xc8\v2.41\pic\sources\c99\common\abs.c estimated size: 64

C:\Program Files\Microchip\xc8\v2.41\pic\sources\c99\common\doprnt.c
		_read_prec_or_width		CODE           	071C	0000	206
		_vfpfcnvrt     		CODE           	10FAA	0000	3176
		_pad           		CODE           	0B10	0000	194
		_ctoa          		CODE           	0578	0000	214
		_dtoa          		CODE           	1B04C	0000	564
		_vfprintf      		CODE           	1DAE	0000	104
		_otoa          		CODE           	1D394	0000	412
		_stoa          		CODE           	1D530	0000	410
		_utoa          		CODE           	1EB46	0000	350
		_xtoa          		CODE           	19DAA	0000	634

C:\Program Files\Microchip\xc8\v2.41\pic\sources\c99\common\doprnt.c estimated size: 6264

../fatfs/ff.c
		_clst2sect     		CODE           	07EA	0000	204
		_find_volume   		CODE           	1B8C0	0000	524
		_dir_clear     		CODE           	1ECA4	0000	336
		_ld_dword      		CODE           	0C8E	0000	184
		_remove_chain  		CODE           	1AE16	0000	566
		_f_mount       		CODE           	1FC0C	0000	250
		_get_fat       		CODE           	17AE4	0000	1118
		_st_word       		CODE           	2ACA	0000	40
		_get_ldnumber  		CODE           	1D1F6	0000	414
		_st_clust      		CODE           	24DA	0000	76
		_create_name   		CODE           	1879E	0000	918
		_create_chain  		CODE           	15998	0000	1458
		_dbc_1st       		CODE           	10A2	0000	156
		_f_lseek       		CODE           	12F76	0000	2070
		_validate      		CODE           	1F60E	0000	260
		_check_fs      		CODE           	1956C	0000	748
		_f_sync        		CODE           	1B49C	0000	534
		_get_fileinfo  		CODE           	1BCD2	0000	504
		_dir_read      		CODE           	1C9CA	0000	420
		_st_dword      		CODE           	1C70	0000	108
		_f_write       		CODE           	126E6	0000	2192
		_dir_alloc     		CODE           	1EDF4	0000	334
		_f_opendir     		CODE           	1D9DA	0000	382
		_put_fat       		CODE           	153CE	0000	1482
		_f_readdir     		CODE           	0106	0000	230
		_sync_fs       		CODE           	1B6B2	0000	526
		_dir_next      		CODE           	18374	0000	1066
		_sync_window   		CODE           	1CEB6	0000	418
		_dir_register  		CODE           	03B6	0000	226
		_ld_word       		CODE           	2876	0000	56
		_dir_find      		CODE           	1D856	0000	388
		_f_open        		CODE           	1378C	0000	1932
		_f_read        		CODE           	14692	0000	1832
		_dir_sdi       		CODE           	18B34	0000	906
		_follow_path   		CODE           	1B280	0000	540
		_f_closedir    		CODE           	2806	0000	56
		_dbc_2nd       		CODE           	0498	0000	224
		_ld_clust      		CODE           	1728	0000	128
		_move_window   		CODE           	08B6	0000	204
		_mount_volume  		CODE           	11C12	0000	2772

../fatfs/ff.c estimated size: 26782

../drivers/utils.c
		_util_addrdump 		CODE           	1E2BA	0000	372
		_util_hexdump  		CODE           	1E9E2	0000	356
		_util_stricmp  		CODE           	18A8	0000	126
		_util_hexdump_sum		CODE           	151C	0000	132

../drivers/utils.c estimated size: 986

../src/supermez80.c
		_sys_init      		CODE           	2B8A	0000	34
		_main          		CODE           	02D2	0000	228
		_start_z80     		CODE           	2C32	0000	30
		_menu_select   		CODE           	15F4A	0000	1288
		_disk_init     		CODE           	2344	0000	82
		_bus_master    		CODE           	2B1A	0000	38

../src/supermez80.c estimated size: 1700

C:\Program Files\Microchip\xc8\v2.41\pic\sources\c99\common\abort.c
		_abort         		CODE           	2E16	0000	12

C:\Program Files\Microchip\xc8\v2.41\pic\sources\c99\common\abort.c estimated size: 12

C:\Program Files\Microchip\xc8\v2.41\pic\sources\c99\common\atexit.c
		___funcs_on_exit		CODE           	2C50	0000	30

C:\Program Files\Microchip\xc8\v2.41\pic\sources\c99\common\atexit.c estimated size: 30

C:\Program Files\Microchip\xc8\v2.41\pic\sources\c99\common\isalnum.c
		_isalnum       		CODE           	20D6	0000	96

C:\Program Files\Microchip\xc8\v2.41\pic\sources\c99\common\isalnum.c estimated size: 96

shared
		mon_cleanup@return_instruction		MEDIUMCONST    	E6A4	0000	1
		_trampoline    		MEDIUMCONST    	E522	0000	181
		_disas_z80     		MEDIUMCONST    	DFC1	0000	1028
		_num_drives    		MEDIUMCONST    	0000	0000	0
		___memcpy_on_target@dma_helper_z80		MEDIUMCONST    	E67F	0000	30
		_rom           		MEDIUMCONST    	E3C5	0000	349
		_DbcTbl        		MEDIUMCONST    	DFB3	0000	10
		i2___con_flush_buffer		CODE           	200E	0000	100
		i2___lwmod     		CODE           	2072	0000	100
		__initialization		CODE           	0BD2	0000	182
		mon_cmd_set@variables		MEDIUMCONST    	DF6D	0000	70
		_trampoline_work		MEDIUMCONST    	0000	0000	0
		_mon_cmds      		MEDIUMCONST    	E5D7	0000	168
		io_invoke_target_cpu_prepare@dummy_rom		MEDIUMCONST    	E69D	0000	7

shared estimated size: 2226

../src/monitor.c
		_mon_get_hexval		CODE           	1DE54	0000	378
		_uninstall_trampoline		CODE           	2136	0000	94
		_mon_cmd_sdread		CODE           	1C650	0000	446
		_install_trampoline		CODE           	0F5A	0000	164
		_mon_remove_trailing_space		CODE           	22F2	0000	82
		_mon_cmd_status		CODE           	1A024	0000	616
		_write_debug_settings		CODE           	1FD06	0000	246
		_mon_assert_nmi		CODE           	2C12	0000	32
		_mon_chartoval 		CODE           	1C482	0000	462
		_mon_cleanup   		CODE           	1380	0000	138
		_bank_select_callback		CODE           	16A6	0000	130
		_mon_show_registers		CODE           	1A28C	0000	610
		_uninstall_nmi_vector		CODE           	1E16	0000	102
		_mon_cmd_clearbreakpoint		CODE           	1A20	0000	122
		_mon_prompt    		CODE           	1E87A	0000	360
		_install_nmi_vector		CODE           	0EB0	0000	170
		_install_rst_vector		CODE           	25B4	0000	70
		_mon_prepare   		CODE           	2DF0	0000	14
		_edit_line     		CODE           	17682	0000	1122
		_mon_enter     		CODE           	1A4EE	0000	598
		_mon_leave     		CODE           	1D46	0000	104
		_mon_parse     		CODE           	14DBA	0000	1556
		_mon_init      		CODE           	2DD2	0000	16
		_mon_cmd_breakpoint		CODE           	1DFCE	0000	374
		_mon_strtoval  		CODE           	1C29E	0000	484
		_mon_cmd_disassemble		CODE           	1A744	0000	590
		_mon_use_zeropage		CODE           	29B6	0000	50
		_mon_get_str   		CODE           	1F2C6	0000	288
		_mon_setup     		CODE           	2D8A	0000	18
		_reinstall_trampoline		CODE           	01EC	0000	230
		_mon_cmd_set   		CODE           	13F18	0000	1914
		_mon_cmd_help  		CODE           	1CB6E	0000	420
		_mon_cmd_step  		CODE           	1B12	0000	120
		_mon_cmd_dump  		CODE           	1A992	0000	578
		_mon_cmd_diskread		CODE           	16DA2	0000	1136
		_mon_remove_space		CODE           	278E	0000	62
		_read_debug_settings		CODE           	1F916	0000	256
		_mon_cmd_write 		CODE           	1E70E	0000	364
		_mon_cmd_reset 		CODE           	2DE2	0000	14
		_mon_cmd_continue		CODE           	2E0A	0000	12

../src/monitor.c estimated size: 14542

C:\Program Files\Microchip\xc8\v2.41\pic\sources\c99\common\memcmp.c
		_memcmp        		CODE           	064E	0000	206

C:\Program Files\Microchip\xc8\v2.41\pic\sources\c99\common\memcmp.c estimated size: 206

C:\Program Files\Microchip\xc8\v2.41\pic\sources\c99\common\memcpy.c
		_memcpy        		CODE           	243A	0000	80

C:\Program Files\Microchip\xc8\v2.41\pic\sources\c99\common\memcpy.c estimated size: 80

C:\Program Files\Microchip\xc8\v2.41\pic\sources\c99\common\isupper.c
		_isupper       		CODE           	2A74	0000	44

C:\Program Files\Microchip\xc8\v2.41\pic\sources\c99\common\isupper.c estimated size: 44

../src/boards/emuz80_common.c
		_emuz80_common_rd_pin		CODE           	2CD6	0000	24
		_emuz80_common_wait_for_programmer		CODE           	22A0	0000	82
		_emuz80_common_ioreq_pin		CODE           	2CEE	0000	24
		_emuz80_common_set_data_dir		CODE           	2E3E	0000	8
		_emuz80_common_set_data_pins		CODE           	2E36	0000	8
		_emuz80_common_init		CODE           	1FB12	0000	250
		_emuz80_common_write_to_sram		CODE           	12F4	0000	140
		_emuz80_common_high_addr_mask		CODE           	2DAE	0000	18
		_emuz80_common_read_from_sram		CODE           	1266	0000	142
		_emuz80_common_low_addr_mask		CODE           	2E46	0000	6
		_emuz80_common_addr_l_pins		CODE           	2E5C	0000	4
		_emuz80_common_start_z80		CODE           	2684	0000	68
		_emuz80_common_data_pins		CODE           	2E58	0000	4
		_emuz80_common_set_wait_pin		CODE           	2D4C	0000	22
		_emuz80_common_set_nmi_pin		CODE           	2E64	0000	2
		_emuz80_common_set_reset_pin		CODE           	2D36	0000	22
		_emuz80_common_sys_init		CODE           	1C02	0000	110
		_emuz80_common_set_busrq_pin		CODE           	2D62	0000	22

../src/boards/emuz80_common.c estimated size: 956

C:\Program Files\Microchip\xc8\v2.41\pic\sources\c99\common\Umul16.c
		___wmul        		CODE           	2B40	0000	38

C:\Program Files\Microchip\xc8\v2.41\pic\sources\c99\common\Umul16.c estimated size: 38

C:\Program Files\Microchip\xc8\v2.41\pic\sources\c99\common\_Exit.c
		__Exit         		CODE           	2E4C	0000	6

C:\Program Files\Microchip\xc8\v2.41\pic\sources\c99\common\_Exit.c estimated size: 6

C:\Program Files\Microchip\xc8\v2.41\pic\sources\c99\common\nf_fputs.c
		_fputs         		CODE           	26C8	0000	68

C:\Program Files\Microchip\xc8\v2.41\pic\sources\c99\common\nf_fputs.c estimated size: 68

C:\Program Files\Microchip\xc8\v2.41\pic\sources\c99\common\isspace.c
		_isspace       		CODE           	256E	0000	70

C:\Program Files\Microchip\xc8\v2.41\pic\sources\c99\common\isspace.c estimated size: 70

C:\Program Files\Microchip\xc8\v2.41\pic\sources\c99\common\exit.c
		_exit          		CODE           	2D9C	0000	18

C:\Program Files\Microchip\xc8\v2.41\pic\sources\c99\common\exit.c estimated size: 18

C:\Program Files\Microchip\xc8\v2.41\pic\sources\c99\common\islower.c
		_islower       		CODE           	2A48	0000	44

C:\Program Files\Microchip\xc8\v2.41\pic\sources\c99\common\islower.c estimated size: 44

C:\Program Files\Microchip\xc8\v2.41\pic\sources\c99\common\strncmp.c
		_strncmp       		CODE           	1F070	0000	300

C:\Program Files\Microchip\xc8\v2.41\pic\sources\c99\common\strncmp.c estimated size: 300

C:\Program Files\Microchip\xc8\v2.41\pic\sources\c99\common\printf.c
		_printf        		CODE           	2AF2	0000	40

C:\Program Files\Microchip\xc8\v2.41\pic\sources\c99\common\printf.c estimated size: 40

C:\Program Files\Microchip\xc8\v2.41\pic\sources\c99\common\lwmod.c
		___lwmod       		CODE           	1FAA	0000	100

C:\Program Files\Microchip\xc8\v2.41\pic\sources\c99\common\lwmod.c estimated size: 100

